
> politica-sostenible@ build C:\Users\Abogados en Colombia\Desktop\politica-sostenible
> turbo build

ÔÇó Packages in scope: @politica-sostenible/typescript-config, @politica-sostenible/ui, @repo/ai-agent, api, pwa-field, web
ÔÇó Running build in 6 packages
ÔÇó Remote caching disabled
api:build: cache miss, executing ada4261b0dbed7b4
pwa-field:build: cache miss, executing 03004b6f1399151a
web:build: cache miss, executing f8781048950a8808
@repo/ai-agent:build: cache hit, replaying logs 87968f06e9dc8f7d
@repo/ai-agent:build: 
@repo/ai-agent:build: > @repo/ai-agent@1.0.0 build C:\Users\Abogados en Colombia\Desktop\politica-sostenible\packages\ai-agent
@repo/ai-agent:build: > prisma generate && tsc
@repo/ai-agent:build: 
@repo/ai-agent:build: Prisma schema loaded from prisma\schema.prisma.
@repo/ai-agent:build: 
@repo/ai-agent:build: Ô£ö Generated Prisma Client (v7.3.0) to .\prisma\generated\prisma in 1.57s
@repo/ai-agent:build: 
@repo/ai-agent:build: Start by importing your Prisma Client (See: https://pris.ly/d/importing-client)
@repo/ai-agent:build: 
@repo/ai-agent:build: 
api:build: 
api:build: > api@0.0.1 build C:\Users\Abogados en Colombia\Desktop\politica-sostenible\apps\api
api:build: > nest build
api:build: 
web:build: 
web:build: > web@0.1.0 build C:\Users\Abogados en Colombia\Desktop\politica-sostenible\apps\web
web:build: > next build
web:build: 
pwa-field:build: 
pwa-field:build: > pwa-field@0.1.0 build C:\Users\Abogados en Colombia\Desktop\politica-sostenible\apps\pwa-field
pwa-field:build: > next build
pwa-field:build: 
web:build: Ôû▓ Next.js 16.1.6 (Turbopack)
web:build: - Environments: .env
web:build: 
web:build:   Creating an optimized production build ...
pwa-field:build:  ÔÜá Invalid next.config.ts options detected: 
pwa-field:build:  ÔÜá     Unrecognized key(s) in object: 'turbopack'
pwa-field:build:  ÔÜá See more info here: https://nextjs.org/docs/messages/invalid-next-config
pwa-field:build:    Ôû▓ Next.js 15.1.0
pwa-field:build: 
pwa-field:build:    Creating an optimized production build ...
pwa-field:build: > [PWA] Compile server
pwa-field:build: > [PWA] Compile server
pwa-field:build: > [PWA] Compile client (static)
pwa-field:build: > [PWA] Auto register service worker with: C:\Users\Abogados en Colombia\Desktop\politica-sostenible\node_modules\.pnpm\next-pwa@5.6.0_@babel+core@_8f7b8aae73e26c61f63c8eb0f012aaa9\node_modules\next-pwa\register.js
pwa-field:build: > [PWA] Service worker: C:\Users\Abogados en Colombia\Desktop\politica-sostenible\apps\pwa-field\public\sw.js
pwa-field:build: > [PWA]   url: /sw.js
pwa-field:build: > [PWA]   scope: /
web:build: Ô£ô Compiled successfully in 13.4s
web:build:   Running TypeScript ...
pwa-field:build:  Ô£ô Compiled successfully
pwa-field:build:    Linting and checking validity of types ...
pwa-field:build:    Collecting page data ...
web:build:   Collecting page data using 7 workers ...
pwa-field:build:    Generating static pages (0/4) ...
web:build:   Generating static pages using 7 workers (0/25) ...
web:build: The width(-1) and height(-1) of chart should be greater than 0,
web:build:        please check the style of container, or the props width(100%) and height(100%),
web:build:        or add a minWidth(0) or minHeight(undefined) or use aspect(undefined) to control the
web:build:        height and width.
web:build:   Generating static pages using 7 workers (6/25) 
pwa-field:build:    Generating static pages (1/4) 
web:build:   Generating static pages using 7 workers (12/25) 
web:build:   Generating static pages using 7 workers (18/25) 
web:build: Ô£ô Generating static pages using 7 workers (25/25) in 1962.9ms
web:build:   Finalizing page optimization ...
web:build: 
web:build: Route (app)
web:build: Ôöî Ôùï /
web:build: Ôö£ Ôùï /_not-found
web:build: Ôö£ Ôùï /crm-demo
web:build: Ôö£ Ôùï /dashboard
web:build: Ôö£ ãÆ /dashboard/[...notfound]
web:build: Ôö£ Ôùï /dashboard/agent
web:build: Ôö£ Ôùï /dashboard/compliance
web:build: Ôö£ Ôùï /dashboard/directory
web:build: Ôö£ Ôùï /dashboard/events
web:build: Ôö£ Ôùï /dashboard/executive
web:build: Ôö£ Ôùï /dashboard/finance
web:build: Ôö£ Ôùï /dashboard/messaging
web:build: Ôö£ Ôùï /dashboard/org
web:build: Ôö£ Ôùï /dashboard/pipeline
web:build: Ôö£ Ôùï /dashboard/security
web:build: Ôö£ Ôùï /dashboard/settings
web:build: Ôö£ Ôùï /dashboard/tasks
web:build: Ôö£ Ôùï /dashboard/territory
web:build: Ôö£ Ôùï /dashboard/war-room
web:build: Ôö£ Ôùï /iniciar-sesion
web:build: Ôö£ Ôùï /olvide-mi-contrase├▒a
web:build: Ôö£ Ôùï /registro
web:build: Ôö£ Ôùï /reiniciar-contrase├▒a
web:build: Ôöö Ôùï /test
web:build: 
web:build: 
web:build: Ôùï  (Static)   prerendered as static content
web:build: ãÆ  (Dynamic)  server-rendered on demand
web:build: 
pwa-field:build:    Generating static pages (2/4) 
pwa-field:build:    Generating static pages (3/4) 
pwa-field:build:  Ô£ô Generating static pages (4/4)
pwa-field:build:    Finalizing page optimization ...
pwa-field:build:    Collecting build traces ...
pwa-field:build: 
pwa-field:build: Route (app)                              Size     First Load JS
pwa-field:build: Ôöî Ôùï /                                    2.49 kB         108 kB
pwa-field:build: Ôöö Ôùï /_not-found                          979 B           106 kB
pwa-field:build: + First Load JS shared by all            105 kB
pwa-field:build:   Ôö£ chunks/6831f32a-fc9ebbdef41c6ada.js  52.9 kB
pwa-field:build:   Ôö£ chunks/777-ce986296a240db10.js       50.5 kB
pwa-field:build:   Ôöö other shared chunks (total)          1.95 kB
pwa-field:build: 
pwa-field:build: 
pwa-field:build: Ôùï  (Static)  prerendered as static content
pwa-field:build: 

 Tasks:    4 successful, 4 total
Cached:    1 cached, 4 total
  Time:    53.565s 

